Start expr
End expr
Loop body
Loop body
Loop body
