Nuclear missiles launched
Nuclear missiles launched
