0E0 ✓
-0E0 ✓
1E0 ✓
-1E0 ✓
NaN ✓
Infinity ✓
-Infinity ✓

1.1754944E-38 ✓

3.4028235E38 ✓
1E-45 ✓

3.355445E7 ✓
9E9 ✓
3.436672E10 ✓

3.0540412E5 ✓
8.0990312E3 ✓

2.4414062E-4 ✓
2.4414062E-3 ✓
4.3945312E-3 ✓
6.3476562E-3 ✓

4.7223665E21 ✓
8.388608E6 ✓
1.6777216E7 ✓
3.3554436E7 ✓
6.7131496E7 ✓
1.9310392E-38 ✓
-2.47E-43 ✓
1.993244E-38 ✓
4.1039004E3 ✓
5.3399997E9 ✓
6.0898E-39 ✓
1.0310042E-3 ✓
2.882326E17 ✓
7.038531E-26 ✓
9.223404E17 ✓
6.710887E7 ✓
1E-44 ✓
2.816025E14 ✓
9.223372E18 ✓
1.5846086E29 ✓
1.1811161E19 ✓
5.368709E18 ✓
4.6143166E18 ✓
7.812537E-3 ✓
1E-45 ✓
1.18697725E20 ✓
1.00014165E-36 ✓
2E2 ✓
3.3554432E7 ✓

6.7108864E17 ✓
1.3421773E18 ✓
2.6843546E18 ✓

1E0 ✓
1.2E0 ✓
1.23E0 ✓
1.234E0 ✓
1.2345E0 ✓
1.23456E0 ✓
1.234567E0 ✓
1.2345678E0 ✓
1.23456735E-36 ✓
