Reticulating splines...
Maybe reticulate_splines...
